---
source: parser/src/parser.rs
expression: "parse_program(&source, Some(\" nac3:\")).unwrap()"

---
[
    Located {
        location: Location {
            row: 1,
            column: 1,
        },
        custom: (),
        node: While {
            test: Located {
                location: Location {
                    row: 1,
                    column: 7,
                },
                custom: (),
                node: Constant {
                    value: Int(
                        1,
                    ),
                    kind: None,
                },
            },
            body: [
                Located {
                    location: Location {
                        row: 2,
                        column: 5,
                    },
                    custom: (),
                    node: Expr {
                        value: Located {
                            location: Location {
                                row: 2,
                                column: 7,
                            },
                            custom: (),
                            node: BinOp {
                                left: Located {
                                    location: Location {
                                        row: 2,
                                        column: 5,
                                    },
                                    custom: (),
                                    node: Name {
                                        id: "a",
                                        ctx: Load,
                                    },
                                },
                                op: Add,
                                right: Located {
                                    location: Location {
                                        row: 2,
                                        column: 9,
                                    },
                                    custom: (),
                                    node: Constant {
                                        value: Int(
                                            1,
                                        ),
                                        kind: None,
                                    },
                                },
                            },
                        },
                        config_comment: [],
                    },
                },
                Located {
                    location: Location {
                        row: 3,
                        column: 5,
                    },
                    custom: (),
                    node: Pass {
                        config_comment: [
                            "pass",
                        ],
                    },
                },
                Located {
                    location: Location {
                        row: 4,
                        column: 11,
                    },
                    custom: (),
                    node: Pass {
                        config_comment: [
                            "second pass",
                        ],
                    },
                },
                Located {
                    location: Location {
                        row: 5,
                        column: 5,
                    },
                    custom: (),
                    node: Assign {
                        targets: [
                            Located {
                                location: Location {
                                    row: 6,
                                    column: 5,
                                },
                                custom: (),
                                node: Name {
                                    id: "a",
                                    ctx: Load,
                                },
                            },
                        ],
                        value: Located {
                            location: Location {
                                row: 6,
                                column: 9,
                            },
                            custom: (),
                            node: Constant {
                                value: Int(
                                    3,
                                ),
                                kind: None,
                            },
                        },
                        type_comment: None,
                        config_comment: [
                            "assign",
                        ],
                    },
                },
                Located {
                    location: Location {
                        row: 6,
                        column: 12,
                    },
                    custom: (),
                    node: Assign {
                        targets: [
                            Located {
                                location: Location {
                                    row: 6,
                                    column: 12,
                                },
                                custom: (),
                                node: Name {
                                    id: "b",
                                    ctx: Load,
                                },
                            },
                        ],
                        value: Located {
                            location: Location {
                                row: 6,
                                column: 18,
                            },
                            custom: (),
                            node: BinOp {
                                left: Located {
                                    location: Location {
                                        row: 6,
                                        column: 16,
                                    },
                                    custom: (),
                                    node: Name {
                                        id: "a",
                                        ctx: Load,
                                    },
                                },
                                op: Add,
                                right: Located {
                                    location: Location {
                                        row: 6,
                                        column: 20,
                                    },
                                    custom: (),
                                    node: Constant {
                                        value: Int(
                                            2,
                                        ),
                                        kind: None,
                                    },
                                },
                            },
                        },
                        type_comment: None,
                        config_comment: [],
                    },
                },
                Located {
                    location: Location {
                        row: 7,
                        column: 5,
                    },
                    custom: (),
                    node: Delete {
                        targets: [
                            Located {
                                location: Location {
                                    row: 8,
                                    column: 9,
                                },
                                custom: (),
                                node: Name {
                                    id: "a",
                                    ctx: Load,
                                },
                            },
                        ],
                        config_comment: [
                            "del",
                        ],
                    },
                },
                Located {
                    location: Location {
                        row: 9,
                        column: 5,
                    },
                    custom: (),
                    node: If {
                        test: Located {
                            location: Location {
                                row: 10,
                                column: 8,
                            },
                            custom: (),
                            node: Constant {
                                value: Int(
                                    1,
                                ),
                                kind: None,
                            },
                        },
                        body: [
                            Located {
                                location: Location {
                                    row: 10,
                                    column: 11,
                                },
                                custom: (),
                                node: Assign {
                                    targets: [
                                        Located {
                                            location: Location {
                                                row: 10,
                                                column: 11,
                                            },
                                            custom: (),
                                            node: Name {
                                                id: "b",
                                                ctx: Load,
                                            },
                                        },
                                    ],
                                    value: Located {
                                        location: Location {
                                            row: 10,
                                            column: 17,
                                        },
                                        custom: (),
                                        node: BinOp {
                                            left: Located {
                                                location: Location {
                                                    row: 10,
                                                    column: 15,
                                                },
                                                custom: (),
                                                node: Name {
                                                    id: "b",
                                                    ctx: Load,
                                                },
                                            },
                                            op: Add,
                                            right: Located {
                                                location: Location {
                                                    row: 10,
                                                    column: 19,
                                                },
                                                custom: (),
                                                node: Constant {
                                                    value: Int(
                                                        3,
                                                    ),
                                                    kind: None,
                                                },
                                            },
                                        },
                                    },
                                    type_comment: None,
                                    config_comment: [],
                                },
                            },
                        ],
                        orelse: [],
                        config_comment: [
                            "sameline if",
                        ],
                    },
                },
            ],
            orelse: [],
            config_comment: [],
        },
    },
    Located {
        location: Location {
            row: 12,
            column: 1,
        },
        custom: (),
        node: If {
            test: Located {
                location: Location {
                    row: 12,
                    column: 4,
                },
                custom: (),
                node: Constant {
                    value: Int(
                        1,
                    ),
                    kind: None,
                },
            },
            body: [
                Located {
                    location: Location {
                        row: 13,
                        column: 5,
                    },
                    custom: (),
                    node: Expr {
                        value: Located {
                            location: Location {
                                row: 13,
                                column: 5,
                            },
                            custom: (),
                            node: Name {
                                id: "a",
                                ctx: Load,
                            },
                        },
                        config_comment: [],
                    },
                },
            ],
            orelse: [],
            config_comment: [
                "s",
            ],
        },
    },
]
